// Jest Snapshot v1, https://goo.gl/fbAQLP

exports[`<OverlaySlider /> should render correctly 1`] = `ReactWrapper {}`;
